// Jest Snapshot v1, https://goo.gl/fbAQLP

exports[`NotFound renders 1`] = `
<h2>
  Not FoundðŸ¥²
</h2>
`;
